TEST LOG ENTRY
